Java HotSpot(TM) 64-Bit Server VM (25.121-b13) for linux-amd64 JRE (1.8.0_121-b13), built on Dec 12 2016 16:36:53 by "java_re" with gcc 4.3.0 20080428 (Red Hat 4.3.0-8)
Memory: 4k page, physical 8103480k(6593620k free), swap 8312828k(8312828k free)
CommandLine flags: -XX:+DisableExplicitGC -XX:InitialHeapSize=1073741824 -XX:InitiatingHeapOccupancyPercent=35 -XX:+ManagementServer -XX:MaxGCPauseMillis=20 -XX:MaxHeapSize=1073741824 -XX:+PrintGC -XX:+PrintGCDateStamps -XX:+PrintGCDetails -XX:+PrintGCTimeStamps -XX:+UseCompressedClassPointers -XX:+UseCompressedOops -XX:+UseG1GC 
2017-03-18T16:40:08.777+0530: 1.776: [GC pause (G1 Evacuation Pause) (young), 0.0077697 secs]
   [Parallel Time: 5.0 ms, GC Workers: 4]
      [GC Worker Start (ms): Min: 1775.7, Avg: 1775.7, Max: 1775.7, Diff: 0.0]
      [Ext Root Scanning (ms): Min: 0.7, Avg: 0.9, Max: 1.2, Diff: 0.5, Sum: 3.5]
      [Update RS (ms): Min: 0.0, Avg: 0.0, Max: 0.0, Diff: 0.0, Sum: 0.0]
         [Processed Buffers: Min: 0, Avg: 0.0, Max: 0, Diff: 0, Sum: 0]
      [Scan RS (ms): Min: 0.0, Avg: 0.0, Max: 0.0, Diff: 0.0, Sum: 0.0]
      [Code Root Scanning (ms): Min: 0.0, Avg: 0.2, Max: 0.4, Diff: 0.4, Sum: 0.7]
      [Object Copy (ms): Min: 3.7, Avg: 3.9, Max: 4.1, Diff: 0.4, Sum: 15.5]
      [Termination (ms): Min: 0.0, Avg: 0.0, Max: 0.0, Diff: 0.0, Sum: 0.0]
         [Termination Attempts: Min: 1, Avg: 7.2, Max: 13, Diff: 12, Sum: 29]
      [GC Worker Other (ms): Min: 0.0, Avg: 0.0, Max: 0.0, Diff: 0.0, Sum: 0.1]
      [GC Worker Total (ms): Min: 4.9, Avg: 5.0, Max: 5.0, Diff: 0.0, Sum: 19.8]
      [GC Worker End (ms): Min: 1780.7, Avg: 1780.7, Max: 1780.7, Diff: 0.0]
   [Code Root Fixup: 0.1 ms]
   [Code Root Purge: 0.0 ms]
   [Clear CT: 0.1 ms]
   [Other: 2.5 ms]
      [Choose CSet: 0.0 ms]
      [Ref Proc: 2.2 ms]
      [Ref Enq: 0.0 ms]
      [Redirty Cards: 0.0 ms]
      [Humongous Register: 0.0 ms]
      [Humongous Reclaim: 0.0 ms]
      [Free CSet: 0.1 ms]
   [Eden: 51.0M(51.0M)->0.0B(44.0M) Survivors: 0.0B->7168.0K Heap: 51.0M(1024.0M)->7929.5K(1024.0M)]
 [Times: user=0.01 sys=0.01, real=0.01 secs] 
2017-03-18T16:40:09.743+0530: 2.742: [GC pause (G1 Evacuation Pause) (young), 0.0119793 secs]
   [Parallel Time: 9.8 ms, GC Workers: 4]
      [GC Worker Start (ms): Min: 2741.7, Avg: 2741.8, Max: 2741.8, Diff: 0.1]
      [Ext Root Scanning (ms): Min: 2.0, Avg: 2.6, Max: 3.9, Diff: 1.9, Sum: 10.3]
      [Update RS (ms): Min: 0.0, Avg: 0.1, Max: 0.4, Diff: 0.4, Sum: 0.4]
         [Processed Buffers: Min: 0, Avg: 0.2, Max: 1, Diff: 1, Sum: 1]
      [Scan RS (ms): Min: 0.0, Avg: 0.0, Max: 0.0, Diff: 0.0, Sum: 0.1]
      [Code Root Scanning (ms): Min: 0.0, Avg: 0.8, Max: 2.5, Diff: 2.5, Sum: 3.3]
      [Object Copy (ms): Min: 4.7, Avg: 6.0, Max: 6.9, Diff: 2.2, Sum: 24.0]
      [Termination (ms): Min: 0.0, Avg: 0.0, Max: 0.0, Diff: 0.0, Sum: 0.0]
         [Termination Attempts: Min: 1, Avg: 12.5, Max: 24, Diff: 23, Sum: 50]
      [GC Worker Other (ms): Min: 0.0, Avg: 0.0, Max: 0.0, Diff: 0.0, Sum: 0.1]
      [GC Worker Total (ms): Min: 9.5, Avg: 9.6, Max: 9.6, Diff: 0.1, Sum: 38.2]
      [GC Worker End (ms): Min: 2751.3, Avg: 2751.3, Max: 2751.3, Diff: 0.0]
   [Code Root Fixup: 0.2 ms]
   [Code Root Purge: 0.0 ms]
   [Clear CT: 0.1 ms]
   [Other: 1.9 ms]
      [Choose CSet: 0.0 ms]
      [Ref Proc: 1.5 ms]
      [Ref Enq: 0.0 ms]
      [Redirty Cards: 0.1 ms]
      [Humongous Register: 0.0 ms]
      [Humongous Reclaim: 0.0 ms]
      [Free CSet: 0.1 ms]
   [Eden: 44.0M(44.0M)->0.0B(44.0M) Survivors: 7168.0K->7168.0K Heap: 179.7M(1024.0M)->137.9M(1024.0M)]
 [Times: user=0.04 sys=0.00, real=0.01 secs] 
2017-03-18T16:41:00.982+0530: 53.981: [GC pause (Metadata GC Threshold) (young) (initial-mark), 0.0089841 secs]
   [Parallel Time: 8.0 ms, GC Workers: 4]
      [GC Worker Start (ms): Min: 53981.0, Avg: 53981.6, Max: 53983.2, Diff: 2.2]
      [Ext Root Scanning (ms): Min: 0.1, Avg: 1.6, Max: 2.2, Diff: 2.1, Sum: 6.3]
      [Update RS (ms): Min: 0.0, Avg: 0.1, Max: 0.2, Diff: 0.2, Sum: 0.5]
         [Processed Buffers: Min: 0, Avg: 1.0, Max: 2, Diff: 2, Sum: 4]
      [Scan RS (ms): Min: 0.0, Avg: 0.0, Max: 0.0, Diff: 0.0, Sum: 0.0]
      [Code Root Scanning (ms): Min: 0.0, Avg: 1.2, Max: 4.0, Diff: 4.0, Sum: 4.7]
      [Object Copy (ms): Min: 0.7, Avg: 4.0, Max: 5.8, Diff: 5.1, Sum: 15.8]
      [Termination (ms): Min: 0.0, Avg: 0.6, Max: 0.8, Diff: 0.8, Sum: 2.3]
         [Termination Attempts: Min: 1, Avg: 1.2, Max: 2, Diff: 1, Sum: 5]
      [GC Worker Other (ms): Min: 0.0, Avg: 0.0, Max: 0.0, Diff: 0.0, Sum: 0.0]
      [GC Worker Total (ms): Min: 5.8, Avg: 7.4, Max: 8.0, Diff: 2.2, Sum: 29.7]
      [GC Worker End (ms): Min: 53989.0, Avg: 53989.0, Max: 53989.0, Diff: 0.0]
   [Code Root Fixup: 0.3 ms]
   [Code Root Purge: 0.0 ms]
   [Clear CT: 0.0 ms]
   [Other: 0.6 ms]
      [Choose CSet: 0.0 ms]
      [Ref Proc: 0.3 ms]
      [Ref Enq: 0.0 ms]
      [Redirty Cards: 0.1 ms]
      [Humongous Register: 0.0 ms]
      [Humongous Reclaim: 0.0 ms]
      [Free CSet: 0.0 ms]
   [Eden: 7168.0K(44.0M)->0.0B(47.0M) Survivors: 7168.0K->4096.0K Heap: 144.9M(1024.0M)->137.8M(1024.0M)]
 [Times: user=0.03 sys=0.00, real=0.01 secs] 
2017-03-18T16:41:00.992+0530: 53.990: [GC concurrent-root-region-scan-start]
2017-03-18T16:41:00.995+0530: 53.994: [GC concurrent-root-region-scan-end, 0.0036005 secs]
2017-03-18T16:41:00.995+0530: 53.994: [GC concurrent-mark-start]
2017-03-18T16:41:01.007+0530: 54.005: [GC concurrent-mark-end, 0.0114068 secs]
2017-03-18T16:41:01.007+0530: 54.005: [GC remark 2017-03-18T16:41:01.007+0530: 54.005: [Finalize Marking, 0.0001062 secs] 2017-03-18T16:41:01.007+0530: 54.005: [GC ref-proc, 0.0002220 secs] 2017-03-18T16:41:01.007+0530: 54.006: [Unloading, 0.0030201 secs], 0.0045100 secs]
 [Times: user=0.01 sys=0.00, real=0.00 secs] 
2017-03-18T16:41:01.011+0530: 54.010: [GC cleanup 138M->135M(1024M), 0.0006917 secs]
 [Times: user=0.00 sys=0.00, real=0.00 secs] 
2017-03-18T16:41:01.012+0530: 54.011: [GC concurrent-cleanup-start]
2017-03-18T16:41:01.012+0530: 54.011: [GC concurrent-cleanup-end, 0.0000215 secs]
2017-03-18T16:44:52.529+0530: 285.528: [GC pause (G1 Evacuation Pause) (young), 0.0147863 secs]
   [Parallel Time: 13.2 ms, GC Workers: 4]
      [GC Worker Start (ms): Min: 285528.1, Avg: 285528.2, Max: 285528.4, Diff: 0.4]
      [Ext Root Scanning (ms): Min: 1.1, Avg: 1.8, Max: 3.1, Diff: 2.1, Sum: 7.1]
      [Update RS (ms): Min: 0.0, Avg: 0.7, Max: 1.1, Diff: 1.1, Sum: 2.9]
         [Processed Buffers: Min: 0, Avg: 7.2, Max: 14, Diff: 14, Sum: 29]
      [Scan RS (ms): Min: 0.4, Avg: 0.7, Max: 1.0, Diff: 0.7, Sum: 2.7]
      [Code Root Scanning (ms): Min: 0.3, Avg: 0.7, Max: 1.1, Diff: 0.7, Sum: 2.8]
      [Object Copy (ms): Min: 8.5, Avg: 9.0, Max: 9.3, Diff: 0.8, Sum: 35.8]
      [Termination (ms): Min: 0.0, Avg: 0.0, Max: 0.0, Diff: 0.0, Sum: 0.0]
         [Termination Attempts: Min: 1, Avg: 1.0, Max: 1, Diff: 0, Sum: 4]
      [GC Worker Other (ms): Min: 0.0, Avg: 0.0, Max: 0.0, Diff: 0.0, Sum: 0.1]
      [GC Worker Total (ms): Min: 12.6, Avg: 12.9, Max: 13.0, Diff: 0.4, Sum: 51.4]
      [GC Worker End (ms): Min: 285541.0, Avg: 285541.0, Max: 285541.0, Diff: 0.0]
   [Code Root Fixup: 0.2 ms]
   [Code Root Purge: 0.1 ms]
   [Clear CT: 0.1 ms]
   [Other: 1.2 ms]
      [Choose CSet: 0.0 ms]
      [Ref Proc: 0.5 ms]
      [Ref Enq: 0.0 ms]
      [Redirty Cards: 0.3 ms]
      [Humongous Register: 0.1 ms]
      [Humongous Reclaim: 0.0 ms]
      [Free CSet: 0.1 ms]
   [Eden: 47.0M(47.0M)->0.0B(45.0M) Survivors: 4096.0K->6144.0K Heap: 181.8M(1024.0M)->137.3M(1024.0M)]
 [Times: user=0.05 sys=0.00, real=0.01 secs] 
2017-03-18T16:48:35.422+0530: 508.420: [GC pause (G1 Evacuation Pause) (young), 0.0113933 secs]
   [Parallel Time: 10.0 ms, GC Workers: 4]
      [GC Worker Start (ms): Min: 508420.4, Avg: 508420.4, Max: 508420.5, Diff: 0.1]
      [Ext Root Scanning (ms): Min: 1.1, Avg: 1.4, Max: 2.0, Diff: 1.0, Sum: 5.4]
      [Update RS (ms): Min: 0.3, Avg: 0.7, Max: 1.4, Diff: 1.1, Sum: 2.6]
         [Processed Buffers: Min: 1, Avg: 3.0, Max: 9, Diff: 8, Sum: 12]
      [Scan RS (ms): Min: 0.0, Avg: 0.0, Max: 0.0, Diff: 0.0, Sum: 0.1]
      [Code Root Scanning (ms): Min: 0.0, Avg: 1.5, Max: 4.8, Diff: 4.8, Sum: 5.9]
      [Object Copy (ms): Min: 3.3, Avg: 6.3, Max: 7.5, Diff: 4.2, Sum: 25.4]
      [Termination (ms): Min: 0.0, Avg: 0.0, Max: 0.0, Diff: 0.0, Sum: 0.0]
         [Termination Attempts: Min: 1, Avg: 1.0, Max: 1, Diff: 0, Sum: 4]
      [GC Worker Other (ms): Min: 0.0, Avg: 0.0, Max: 0.0, Diff: 0.0, Sum: 0.1]
      [GC Worker Total (ms): Min: 9.8, Avg: 9.9, Max: 9.9, Diff: 0.1, Sum: 39.4]
      [GC Worker End (ms): Min: 508430.3, Avg: 508430.3, Max: 508430.3, Diff: 0.0]
   [Code Root Fixup: 0.2 ms]
   [Code Root Purge: 0.0 ms]
   [Clear CT: 0.1 ms]
   [Other: 1.1 ms]
      [Choose CSet: 0.0 ms]
      [Ref Proc: 0.5 ms]
      [Ref Enq: 0.0 ms]
      [Redirty Cards: 0.3 ms]
      [Humongous Register: 0.1 ms]
      [Humongous Reclaim: 0.0 ms]
      [Free CSet: 0.0 ms]
   [Eden: 45.0M(45.0M)->0.0B(47.0M) Survivors: 6144.0K->4096.0K Heap: 182.3M(1024.0M)->136.9M(1024.0M)]
 [Times: user=0.04 sys=0.00, real=0.01 secs] 
2017-03-18T16:53:25.231+0530: 798.230: [GC pause (G1 Evacuation Pause) (young), 0.0119126 secs]
   [Parallel Time: 10.4 ms, GC Workers: 4]
      [GC Worker Start (ms): Min: 798229.7, Avg: 798230.1, Max: 798231.3, Diff: 1.6]
      [Ext Root Scanning (ms): Min: 0.0, Avg: 0.9, Max: 1.2, Diff: 1.2, Sum: 3.5]
      [Update RS (ms): Min: 4.0, Avg: 4.4, Max: 4.7, Diff: 0.7, Sum: 17.6]
         [Processed Buffers: Min: 1, Avg: 5.5, Max: 14, Diff: 13, Sum: 22]
      [Scan RS (ms): Min: 0.0, Avg: 0.1, Max: 0.1, Diff: 0.1, Sum: 0.2]
      [Code Root Scanning (ms): Min: 0.0, Avg: 0.4, Max: 1.0, Diff: 1.0, Sum: 1.7]
      [Object Copy (ms): Min: 3.9, Avg: 4.2, Max: 4.8, Diff: 0.8, Sum: 16.7]
      [Termination (ms): Min: 0.0, Avg: 0.0, Max: 0.0, Diff: 0.0, Sum: 0.0]
         [Termination Attempts: Min: 1, Avg: 1.0, Max: 1, Diff: 0, Sum: 4]
      [GC Worker Other (ms): Min: 0.0, Avg: 0.0, Max: 0.0, Diff: 0.0, Sum: 0.1]
      [GC Worker Total (ms): Min: 8.8, Avg: 9.9, Max: 10.4, Diff: 1.6, Sum: 39.8]
      [GC Worker End (ms): Min: 798240.0, Avg: 798240.1, Max: 798240.1, Diff: 0.0]
   [Code Root Fixup: 0.2 ms]
   [Code Root Purge: 0.0 ms]
   [Clear CT: 0.1 ms]
   [Other: 1.2 ms]
      [Choose CSet: 0.0 ms]
      [Ref Proc: 0.3 ms]
      [Ref Enq: 0.0 ms]
      [Redirty Cards: 0.1 ms]
      [Humongous Register: 0.0 ms]
      [Humongous Reclaim: 0.0 ms]
      [Free CSet: 0.2 ms]
   [Eden: 47.0M(47.0M)->0.0B(48.0M) Survivors: 4096.0K->3072.0K Heap: 183.9M(1024.0M)->135.9M(1024.0M)]
 [Times: user=0.04 sys=0.00, real=0.01 secs] 
2017-03-18T16:57:48.642+0530: 1061.640: [GC pause (G1 Evacuation Pause) (young), 0.0096848 secs]
   [Parallel Time: 8.0 ms, GC Workers: 4]
      [GC Worker Start (ms): Min: 1061640.4, Avg: 1061640.8, Max: 1061641.7, Diff: 1.3]
      [Ext Root Scanning (ms): Min: 0.0, Avg: 0.4, Max: 0.6, Diff: 0.6, Sum: 1.7]
      [Update RS (ms): Min: 0.0, Avg: 0.5, Max: 1.0, Diff: 1.0, Sum: 2.1]
         [Processed Buffers: Min: 0, Avg: 5.2, Max: 16, Diff: 16, Sum: 21]
      [Scan RS (ms): Min: 0.0, Avg: 0.0, Max: 0.0, Diff: 0.0, Sum: 0.0]
      [Code Root Scanning (ms): Min: 0.0, Avg: 0.5, Max: 1.7, Diff: 1.7, Sum: 2.2]
      [Object Copy (ms): Min: 4.8, Avg: 5.9, Max: 6.4, Diff: 1.6, Sum: 23.5]
      [Termination (ms): Min: 0.0, Avg: 0.0, Max: 0.0, Diff: 0.0, Sum: 0.0]
         [Termination Attempts: Min: 1, Avg: 1.0, Max: 1, Diff: 0, Sum: 4]
      [GC Worker Other (ms): Min: 0.0, Avg: 0.0, Max: 0.1, Diff: 0.0, Sum: 0.1]
      [GC Worker Total (ms): Min: 6.4, Avg: 7.4, Max: 7.7, Diff: 1.3, Sum: 29.6]
      [GC Worker End (ms): Min: 1061648.1, Avg: 1061648.2, Max: 1061648.2, Diff: 0.0]
   [Code Root Fixup: 0.3 ms]
   [Code Root Purge: 0.0 ms]
   [Clear CT: 0.3 ms]
   [Other: 1.1 ms]
      [Choose CSet: 0.0 ms]
      [Ref Proc: 0.5 ms]
      [Ref Enq: 0.0 ms]
      [Redirty Cards: 0.3 ms]
      [Humongous Register: 0.0 ms]
      [Humongous Reclaim: 0.0 ms]
      [Free CSet: 0.1 ms]
   [Eden: 48.0M(48.0M)->0.0B(47.0M) Survivors: 3072.0K->4096.0K Heap: 183.9M(1024.0M)->136.7M(1024.0M)]
 [Times: user=0.03 sys=0.00, real=0.01 secs] 
2017-03-18T17:02:06.442+0530: 1319.441: [GC pause (G1 Evacuation Pause) (young), 0.0086865 secs]
   [Parallel Time: 7.8 ms, GC Workers: 4]
      [GC Worker Start (ms): Min: 1319440.8, Avg: 1319441.4, Max: 1319443.3, Diff: 2.5]
      [Ext Root Scanning (ms): Min: 0.0, Avg: 0.9, Max: 1.2, Diff: 1.2, Sum: 3.6]
      [Update RS (ms): Min: 0.1, Avg: 2.0, Max: 5.3, Diff: 5.2, Sum: 8.0]
         [Processed Buffers: Min: 1, Avg: 5.8, Max: 12, Diff: 11, Sum: 23]
      [Scan RS (ms): Min: 0.0, Avg: 0.0, Max: 0.0, Diff: 0.0, Sum: 0.1]
      [Code Root Scanning (ms): Min: 0.0, Avg: 0.4, Max: 1.3, Diff: 1.3, Sum: 1.4]
      [Object Copy (ms): Min: 1.2, Avg: 3.8, Max: 5.1, Diff: 3.9, Sum: 15.3]
      [Termination (ms): Min: 0.0, Avg: 0.0, Max: 0.0, Diff: 0.0, Sum: 0.0]
         [Termination Attempts: Min: 1, Avg: 1.0, Max: 1, Diff: 0, Sum: 4]
      [GC Worker Other (ms): Min: 0.0, Avg: 0.0, Max: 0.0, Diff: 0.0, Sum: 0.1]
      [GC Worker Total (ms): Min: 5.2, Avg: 7.1, Max: 7.8, Diff: 2.5, Sum: 28.5]
      [GC Worker End (ms): Min: 1319448.5, Avg: 1319448.5, Max: 1319448.5, Diff: 0.0]
   [Code Root Fixup: 0.2 ms]
   [Code Root Purge: 0.0 ms]
   [Clear CT: 0.1 ms]
   [Other: 0.6 ms]
      [Choose CSet: 0.0 ms]
      [Ref Proc: 0.2 ms]
      [Ref Enq: 0.0 ms]
      [Redirty Cards: 0.1 ms]
      [Humongous Register: 0.1 ms]
      [Humongous Reclaim: 0.0 ms]
      [Free CSet: 0.0 ms]
   [Eden: 47.0M(47.0M)->0.0B(49.0M) Survivors: 4096.0K->3072.0K Heap: 183.7M(1024.0M)->136.3M(1024.0M)]
 [Times: user=0.02 sys=0.00, real=0.01 secs] 
2017-03-18T17:06:36.079+0530: 1589.078: [GC pause (G1 Evacuation Pause) (young), 0.0115863 secs]
   [Parallel Time: 10.8 ms, GC Workers: 4]
      [GC Worker Start (ms): Min: 1589077.8, Avg: 1589079.0, Max: 1589081.2, Diff: 3.4]
      [Ext Root Scanning (ms): Min: 0.0, Avg: 1.3, Max: 2.3, Diff: 2.3, Sum: 5.2]
      [Update RS (ms): Min: 0.0, Avg: 0.7, Max: 1.0, Diff: 1.0, Sum: 2.6]
         [Processed Buffers: Min: 0, Avg: 4.8, Max: 16, Diff: 16, Sum: 19]
      [Scan RS (ms): Min: 0.0, Avg: 0.0, Max: 0.0, Diff: 0.0, Sum: 0.1]
      [Code Root Scanning (ms): Min: 0.0, Avg: 1.7, Max: 6.4, Diff: 6.4, Sum: 6.8]
      [Object Copy (ms): Min: 0.5, Avg: 5.3, Max: 7.3, Diff: 6.9, Sum: 21.4]
      [Termination (ms): Min: 0.0, Avg: 0.5, Max: 0.6, Diff: 0.6, Sum: 1.9]
         [Termination Attempts: Min: 1, Avg: 1.0, Max: 1, Diff: 0, Sum: 4]
      [GC Worker Other (ms): Min: 0.0, Avg: 0.0, Max: 0.0, Diff: 0.0, Sum: 0.1]
      [GC Worker Total (ms): Min: 7.4, Avg: 9.5, Max: 10.8, Diff: 3.4, Sum: 38.1]
      [GC Worker End (ms): Min: 1589088.5, Avg: 1589088.5, Max: 1589088.5, Diff: 0.0]
   [Code Root Fixup: 0.1 ms]
   [Code Root Purge: 0.0 ms]
   [Clear CT: 0.0 ms]
   [Other: 0.6 ms]
      [Choose CSet: 0.0 ms]
      [Ref Proc: 0.2 ms]
      [Ref Enq: 0.0 ms]
      [Redirty Cards: 0.0 ms]
      [Humongous Register: 0.1 ms]
      [Humongous Reclaim: 0.0 ms]
      [Free CSet: 0.0 ms]
   [Eden: 49.0M(49.0M)->0.0B(57.0M) Survivors: 3072.0K->5120.0K Heap: 185.3M(1024.0M)->137.7M(1024.0M)]
 [Times: user=0.03 sys=0.00, real=0.01 secs] 
2017-03-18T17:11:49.360+0530: 1902.358: [GC pause (G1 Evacuation Pause) (young), 0.0150073 secs]
   [Parallel Time: 14.0 ms, GC Workers: 4]
      [GC Worker Start (ms): Min: 1902358.5, Avg: 1902358.5, Max: 1902358.5, Diff: 0.1]
      [Ext Root Scanning (ms): Min: 1.3, Avg: 1.7, Max: 1.9, Diff: 0.5, Sum: 6.6]
      [Update RS (ms): Min: 1.0, Avg: 1.2, Max: 1.7, Diff: 0.7, Sum: 4.9]
         [Processed Buffers: Min: 1, Avg: 5.2, Max: 12, Diff: 11, Sum: 21]
      [Scan RS (ms): Min: 0.0, Avg: 0.0, Max: 0.0, Diff: 0.0, Sum: 0.1]
      [Code Root Scanning (ms): Min: 0.0, Avg: 0.4, Max: 1.3, Diff: 1.3, Sum: 1.5]
      [Object Copy (ms): Min: 9.7, Avg: 10.6, Max: 11.2, Diff: 1.5, Sum: 42.2]
      [Termination (ms): Min: 0.0, Avg: 0.0, Max: 0.0, Diff: 0.0, Sum: 0.0]
         [Termination Attempts: Min: 1, Avg: 1.0, Max: 1, Diff: 0, Sum: 4]
      [GC Worker Other (ms): Min: 0.0, Avg: 0.0, Max: 0.0, Diff: 0.0, Sum: 0.1]
      [GC Worker Total (ms): Min: 13.8, Avg: 13.9, Max: 13.9, Diff: 0.1, Sum: 55.5]
      [GC Worker End (ms): Min: 1902372.4, Avg: 1902372.4, Max: 1902372.4, Diff: 0.0]
   [Code Root Fixup: 0.1 ms]
   [Code Root Purge: 0.0 ms]
   [Clear CT: 0.1 ms]
   [Other: 0.8 ms]
      [Choose CSet: 0.0 ms]
      [Ref Proc: 0.4 ms]
      [Ref Enq: 0.0 ms]
      [Redirty Cards: 0.0 ms]
      [Humongous Register: 0.0 ms]
      [Humongous Reclaim: 0.0 ms]
      [Free CSet: 0.0 ms]
   [Eden: 57.0M(57.0M)->0.0B(187.0M) Survivors: 5120.0K->5120.0K Heap: 194.7M(1024.0M)->137.9M(1024.0M)]
 [Times: user=0.05 sys=0.00, real=0.01 secs] 
2017-03-18T17:15:52.596+0530: 2145.594: [GC pause (G1 Evacuation Pause) (young), 0.0071357 secs]
   [Parallel Time: 6.4 ms, GC Workers: 4]
      [GC Worker Start (ms): Min: 2145594.6, Avg: 2145594.6, Max: 2145594.7, Diff: 0.1]
      [Ext Root Scanning (ms): Min: 1.1, Avg: 1.2, Max: 1.3, Diff: 0.2, Sum: 4.6]
      [Update RS (ms): Min: 0.1, Avg: 0.2, Max: 0.5, Diff: 0.4, Sum: 0.8]
         [Processed Buffers: Min: 3, Avg: 5.8, Max: 7, Diff: 4, Sum: 23]
      [Scan RS (ms): Min: 0.9, Avg: 1.2, Max: 1.4, Diff: 0.6, Sum: 4.8]
      [Code Root Scanning (ms): Min: 0.0, Avg: 0.4, Max: 0.9, Diff: 0.9, Sum: 1.6]
      [Object Copy (ms): Min: 3.0, Avg: 3.3, Max: 3.6, Diff: 0.6, Sum: 13.1]
      [Termination (ms): Min: 0.0, Avg: 0.0, Max: 0.0, Diff: 0.0, Sum: 0.0]
         [Termination Attempts: Min: 1, Avg: 1.0, Max: 1, Diff: 0, Sum: 4]
      [GC Worker Other (ms): Min: 0.0, Avg: 0.0, Max: 0.0, Diff: 0.0, Sum: 0.1]
      [GC Worker Total (ms): Min: 6.2, Avg: 6.3, Max: 6.3, Diff: 0.1, Sum: 25.0]
      [GC Worker End (ms): Min: 2145600.9, Avg: 2145600.9, Max: 2145600.9, Diff: 0.0]
   [Code Root Fixup: 0.1 ms]
   [Code Root Purge: 0.0 ms]
   [Clear CT: 0.0 ms]
   [Other: 0.6 ms]
      [Choose CSet: 0.0 ms]
      [Ref Proc: 0.3 ms]
      [Ref Enq: 0.0 ms]
      [Redirty Cards: 0.0 ms]
      [Humongous Register: 0.0 ms]
      [Humongous Reclaim: 0.0 ms]
      [Free CSet: 0.0 ms]
   [Eden: 50.0M(46.0M)->0.0B(267.0M) Survivors: 5120.0K->4096.0K Heap: 187.9M(1024.0M)->137.1M(1024.0M)]
 [Times: user=0.02 sys=0.00, real=0.01 secs] 
Heap
 garbage-first heap   total 1048576K, used 143512K [0x00000000c0000000, 0x00000000c0102000, 0x0000000100000000)
  region size 1024K, 8 young (8192K), 4 survivors (4096K)
 Metaspace       used 23894K, capacity 24068K, committed 24240K, reserved 1071104K
  class space    used 3389K, capacity 3458K, committed 3504K, reserved 1048576K
